// Jest Snapshot v1, https://goo.gl/fbAQLP

exports[`TodoList renders and matches our snapshot 1`] = `
<div
  className="TodoList"
>
  <div
    className="NewTodo"
  >
    <input
      onChange={[Function]}
      type="text"
      value=""
    />
      
    <button
      onClick={[Function]}
    >
      Add
    </button>
  </div>
  <div
    className="todo"
  >
    Write some code
    <br />
    <hr
      className="hr"
    />
    <button
      className="MarkDone"
      onClick={[Function]}
    >
      Mark as Done
    </button>
    <button
      className="RemoveTodo"
      onClick={[Function]}
    >
      Remove Me
    </button>
    <button
      className="MarkCritical"
      onClick={[Function]}
    >
      Mark as Critical
    </button>
  </div>
  <div
    className="Divider"
  >
    <hr />
  </div>
  <div
    className="todo"
  >
    Change the world
    <br />
    <hr
      className="hr"
    />
    <button
      className="MarkDone"
      onClick={[Function]}
    >
      Mark as Done
    </button>
    <button
      className="RemoveTodo"
      onClick={[Function]}
    >
      Remove Me
    </button>
    <button
      className="MarkCritical"
      onClick={[Function]}
    >
      Mark as Critical
    </button>
  </div>
  <div
    className="Divider"
  >
    <hr />
  </div>
  <div
    className="todo"
  >
    Take a nap and Eat a cookie
    <br />
    <hr
      className="hr"
    />
    <button
      className="MarkDone"
      onClick={[Function]}
    >
      Mark as Done
    </button>
    <button
      className="RemoveTodo"
      onClick={[Function]}
    >
      Remove Me
    </button>
    <button
      className="MarkCritical"
      onClick={[Function]}
    >
      Mark as Critical
    </button>
  </div>
  <div
    className="Divider"
  >
    <hr />
  </div>
</div>
`;
